// Fun Snapshot v1, https://fun.dev/docs/test/snapshots

exports[`fun update --interactive snapshots should format mixed package types with proper spacing: update-interactive-formatting 1`] = `"fun update --interactive vX.X.X"`;

exports[`fun update --interactive snapshots should not crash with various package name lengths: update-interactive-no-crash 1`] = `"fun update --interactive vX.X.X"`;

exports[`fun update --interactive snapshots should handle extremely long package names without crashing: update-interactive-long-names 1`] = `"fun update --interactive vX.X.X"`;

exports[`fun update --interactive snapshots should handle complex version strings without crashing: update-interactive-complex-versions 1`] = `"fun update --interactive vX.X.X"`;
